// Jest Snapshot v1, https://goo.gl/fbAQLP

exports[`Header Button component renders correctly 1`] = `
.c0 {
  height: 4rem;
  width: auto;
  padding: 0 1rem;
  text-align: center;
  font-size: 1.4rem;
  cursor: pointer;
}

<div
  className="c0"
/>
`;
