// Jest Snapshot v1, https://goo.gl/fbAQLP

exports[`Header CurrentUser component renders correctly 1`] = `
.c0 {
  height: 4rem;
  width: auto;
  padding: 0 1rem;
  text-align: center;
  font-size: 1.5rem;
  cursor: pointer;
  font-size: 1.3rem;
}

<div
  className="c0"
>
  test
</div>
`;
