// Jest Snapshot v1, https://goo.gl/fbAQLP

exports[`Label component renders correctly 1`] = `
.c0 {
  font-weight: 600;
  display: block;
  margin-bottom: 5px;
}

<label
  className="c0"
/>
`;
