// Jest Snapshot v1, https://goo.gl/fbAQLP

exports[`Header component renders correctly 1`] = `
<div
  className="sc-bZQynM mLqIE"
>
  <div
    className="sc-gzVnrw bsXxGB"
  >
    <div
      onMouseOut={[Function]}
      onMouseOver={[Function]}
    >
      <div>
        <div
          className="sc-bdVaJa kgrFwP"
          onClick={[Function]}
        >
          <i
            className="fa fa-home"
          />
        </div>
      </div>
    </div>
  </div>
  <div
    className="sc-gzVnrw bsXxGB"
  >
    <div
      className="sc-ifAKCX llvlPY"
    >
      <div
        className="sc-bxivhb kGowsV"
        dangerouslySetInnerHTML={
          Object {
            "__html": Object {},
          }
        }
        height="12px"
      />
    </div>
  </div>
  <div
    className="sc-htoDjs dyWdAa"
  >
    <div
      className="sc-EHOje fjTLAe"
    >
      test
    </div>
    <div
      className="sc-bdVaJa kgrFwP"
      onClick={[Function]}
    >
      <i
        className="fa fa-cog"
      />
    </div>
  </div>
</div>
`;
