// Jest Snapshot v1, https://goo.gl/fbAQLP

exports[`Header Logo component renders correctly 1`] = `
<div
  className="sc-bwzfXH laoDIc"
>
  <div
    className="sc-bdVaJa fjGyyR"
    dangerouslySetInnerHTML={
      Object {
        "__html": Object {},
      }
    }
    height="12px"
  />
</div>
`;
