// Jest Snapshot v1, https://goo.gl/fbAQLP

exports[`Settings component renders correctly 1`] = `
<Settings
  changeDisplayName={[Function]}
  changeTheme={[Function]}
  currentUserId="test"
  displayName="test"
  performLogout={[Function]}
  theme={
    Object {
      "background": "#f7f7f7",
      "backgroundInverted": "#3c3c3c",
      "backgroundInvertedSecondary": "#555",
      "backgroundSecondary": "#ebe3d6",
      "borderColor": "#cdc5ba",
      "color": "black",
      "colorInverted": "#f7f7f7",
      "colorMedium": "#999",
      "colorSecondary": "#3c3c3c",
      "map": "#bfbca5",
      "modalBackground": "#f7f7f7",
      "modalOverlay": "rgba(0, 0, 0, 0.5)",
      "name": "light",
    }
  }
/>
`;
