// Jest Snapshot v1, https://goo.gl/fbAQLP

exports[`Settings Logout component renders correctly 1`] = `
<div
  className="sc-bwzfXH RlJjI"
>
  <button
    className="sc-bdVaJa bEyvCe"
    onClick={[Function]}
  >
    Logout
  </button>
</div>
`;
